
> web-cotizaciones@0.1.9 build
> npx prisma generate && next build

Environment variables loaded from .env
Prisma schema loaded from prisma\schema.prisma

Ô£ö Generated Prisma Client (v5.22.0) to .\node_modules\@prisma\client in 67ms

Start by importing your Prisma Client (See: https://pris.ly/d/importing-client)

Tip: Want to react to database changes in your app as they happen? Discover how with Pulse: https://pris.ly/tip-1-pulse

Ôû▓ Next.js 16.1.1 (Turbopack)
- Environments: .env

  Creating an optimized production build ...
Ô£ô Compiled successfully in 11.3s
  Running TypeScript ...
node.exe : Failed to compile.
En C:\Program Files\nodejs\npm.ps1: 29 Carácter: 3
+   & $NODE_EXE $NPM_CLI_JS $args
+   ~~~~~~~~~~~~~~~~~~~~~~~~~~~~~
    + CategoryInfo          : NotSpecified: (Failed to compile.:String) [], RemoteException
    + FullyQualifiedErrorId : NativeCommandError
 

./components/quote-builder.tsx:2341:126
Type error: Argument of type 'string' is not assignable to parameter of type '"daily" | "realtime" | "monthly" | "weekly"'.

[0m [90m 2339 |[39m                                 [33m<[39m[33mdiv[39m[33m>[39m
 [90m 2340 |[39m                                     [33m<[39m[33mLabel[39m className[33m=[39m[32m"text-[#CFDBD5] mb-2 block text-xs uppercase 
font-bold"[39m[33m>[39m[33mFrecuencia[39m [33mActualizaci├│n[39m[33m<[39m[33m/[39m[33mLabel[39m[33m>[39m
[31m[1m>[22m[39m[90m 2341 |[39m                                     [33m<[39m[33mSelect[39m value[33m=[39m{state[33m.[39mupdateFrequency} onValueChange[33m=[39m{v [33m=>[39m 
updateState([32m'updateFrequency'[39m[33m,[39m v)}[33m>[39m
 [90m      |[39m                                                                                                                              [31m[1m^[22m[39m
 [90m 2342 |[39m                                         [33m<[39m[33mSelectTrigger[39m className[33m=[39m[32m"bg-[#242423] border-[#4A4D4A] 
text-[#E8EDDF]"[39m[33m>[39m[33m<[39m[33mSelectValue[39m [33m/[39m[33m>[39m[33m<[39m[33m/[39m[33mSelectTrigger[39m[33m>[39m
 [90m 2343 |[39m                                         [33m<[39m[33mSelectContent[39m className[33m=[39m[32m"bg-[#242423] border-[#4A4D4A] text-[#E8EDDF]"[39m[33m>[39m
 [90m 2344 |[39m                                             [33m<[39m[33mSelectItem[39m value[33m=[39m[32m"Real-time"[39m[33m>[39m[33mReal[39m[33m-[39mtime [33m/[39m 
[33mStreaming[39m[33m<[39m[33m/[39m[33mSelectItem[39m[33m>[39m[0m
Next.js build worker exited with code: 1 and signal: null
